// Jest Snapshot v1, https://goo.gl/fbAQLP

exports[`Pages/TopPage コンポーネント スナップショットテスト Renders Default story 1`] = `
{
  "asFragment": [Function],
  "baseElement": <body>
    <div>
      <div
        class="p-8 bg-white dark:bg-slate-700 text-slate-800 dark:text-slate-50 shadow"
      >
        <h1
          class="text-2xl"
        >
          メニュー一覧
        </h1>
      </div>
      <div
        class="p-8"
      >
        <div
          class="grid grid-cols-2 md:grid-cols-4 gap-4 md:gap-8"
        >
          <a
            class="flex flex-col mx-auto bg-white hover:bg-zinc-50 dark:bg-slate-700 dark:hover:bg-slate-600 w-full p-4 hover:shadow-md text-slate-500 hover:text-slate-700 dark:hover:text-slate-200"
            href="/tasks"
          >
            <svg
              aria-hidden="true"
              class="h-16 w-16 mx-auto"
              fill="none"
              stroke="currentColor"
              stroke-width="1.5"
              viewBox="0 0 24 24"
              xmlns="http://www.w3.org/2000/svg"
            >
              <path
                d="M9 12.75L11.25 15 15 9.75m-3-7.036A11.959 11.959 0 013.598 6 11.99 11.99 0 003 9.749c0 5.592 3.824 10.29 9 11.623 5.176-1.332 9-6.03 9-11.622 0-1.31-.21-2.571-.598-3.751h-.152c-3.196 0-6.1-1.248-8.25-3.285z"
                stroke-linecap="round"
                stroke-linejoin="round"
              />
            </svg>
            <span
              class="text-center"
            >
              タスク
            </span>
          </a>
          <a
            class="flex flex-col mx-auto bg-white hover:bg-zinc-50 dark:bg-slate-700 dark:hover:bg-slate-600 w-full p-4 hover:shadow-md text-slate-500 hover:text-slate-700 dark:hover:text-slate-200"
            href="/daily_necessities"
          >
            <svg
              aria-hidden="true"
              class="h-16 w-16 mx-auto"
              fill="none"
              stroke="currentColor"
              stroke-width="1.5"
              viewBox="0 0 24 24"
              xmlns="http://www.w3.org/2000/svg"
            >
              <path
                d="M20.25 7.5l-.625 10.632a2.25 2.25 0 01-2.247 2.118H6.622a2.25 2.25 0 01-2.247-2.118L3.75 7.5M10 11.25h4M3.375 7.5h17.25c.621 0 1.125-.504 1.125-1.125v-1.5c0-.621-.504-1.125-1.125-1.125H3.375c-.621 0-1.125.504-1.125 1.125v1.5c0 .621.504 1.125 1.125 1.125z"
                stroke-linecap="round"
                stroke-linejoin="round"
              />
            </svg>
            <span
              class="text-center"
            >
              日用品
            </span>
          </a>
          <a
            class="flex flex-col mx-auto bg-white hover:bg-zinc-50 dark:bg-slate-700 dark:hover:bg-slate-600 w-full p-4 hover:shadow-md text-slate-500 hover:text-slate-700 dark:hover:text-slate-200"
            href="/domains"
          >
            <svg
              aria-hidden="true"
              class="h-16 w-16 mx-auto"
              fill="none"
              stroke="currentColor"
              stroke-width="1.5"
              viewBox="0 0 24 24"
              xmlns="http://www.w3.org/2000/svg"
            >
              <path
                d="M12.75 3.03v.568c0 .334.148.65.405.864l1.068.89c.442.369.535 1.01.216 1.49l-.51.766a2.25 2.25 0 01-1.161.886l-.143.048a1.107 1.107 0 00-.57 1.664c.369.555.169 1.307-.427 1.605L9 13.125l.423 1.059a.956.956 0 01-1.652.928l-.679-.906a1.125 1.125 0 00-1.906.172L4.5 15.75l-.612.153M12.75 3.031a9 9 0 00-8.862 12.872M12.75 3.031a9 9 0 016.69 14.036m0 0l-.177-.529A2.25 2.25 0 0017.128 15H16.5l-.324-.324a1.453 1.453 0 00-2.328.377l-.036.073a1.586 1.586 0 01-.982.816l-.99.282c-.55.157-.894.702-.8 1.267l.073.438c.08.474.49.821.97.821.846 0 1.598.542 1.865 1.345l.215.643m5.276-3.67a9.012 9.012 0 01-5.276 3.67m0 0a9 9 0 01-10.275-4.835M15.75 9c0 .896-.393 1.7-1.016 2.25"
                stroke-linecap="round"
                stroke-linejoin="round"
              />
            </svg>
            <span
              class="text-center"
            >
              ドメイン
            </span>
          </a>
        </div>
      </div>
    </div>
  </body>,
  "container": <div>
    <div
      class="p-8 bg-white dark:bg-slate-700 text-slate-800 dark:text-slate-50 shadow"
    >
      <h1
        class="text-2xl"
      >
        メニュー一覧
      </h1>
    </div>
    <div
      class="p-8"
    >
      <div
        class="grid grid-cols-2 md:grid-cols-4 gap-4 md:gap-8"
      >
        <a
          class="flex flex-col mx-auto bg-white hover:bg-zinc-50 dark:bg-slate-700 dark:hover:bg-slate-600 w-full p-4 hover:shadow-md text-slate-500 hover:text-slate-700 dark:hover:text-slate-200"
          href="/tasks"
        >
          <svg
            aria-hidden="true"
            class="h-16 w-16 mx-auto"
            fill="none"
            stroke="currentColor"
            stroke-width="1.5"
            viewBox="0 0 24 24"
            xmlns="http://www.w3.org/2000/svg"
          >
            <path
              d="M9 12.75L11.25 15 15 9.75m-3-7.036A11.959 11.959 0 013.598 6 11.99 11.99 0 003 9.749c0 5.592 3.824 10.29 9 11.623 5.176-1.332 9-6.03 9-11.622 0-1.31-.21-2.571-.598-3.751h-.152c-3.196 0-6.1-1.248-8.25-3.285z"
              stroke-linecap="round"
              stroke-linejoin="round"
            />
          </svg>
          <span
            class="text-center"
          >
            タスク
          </span>
        </a>
        <a
          class="flex flex-col mx-auto bg-white hover:bg-zinc-50 dark:bg-slate-700 dark:hover:bg-slate-600 w-full p-4 hover:shadow-md text-slate-500 hover:text-slate-700 dark:hover:text-slate-200"
          href="/daily_necessities"
        >
          <svg
            aria-hidden="true"
            class="h-16 w-16 mx-auto"
            fill="none"
            stroke="currentColor"
            stroke-width="1.5"
            viewBox="0 0 24 24"
            xmlns="http://www.w3.org/2000/svg"
          >
            <path
              d="M20.25 7.5l-.625 10.632a2.25 2.25 0 01-2.247 2.118H6.622a2.25 2.25 0 01-2.247-2.118L3.75 7.5M10 11.25h4M3.375 7.5h17.25c.621 0 1.125-.504 1.125-1.125v-1.5c0-.621-.504-1.125-1.125-1.125H3.375c-.621 0-1.125.504-1.125 1.125v1.5c0 .621.504 1.125 1.125 1.125z"
              stroke-linecap="round"
              stroke-linejoin="round"
            />
          </svg>
          <span
            class="text-center"
          >
            日用品
          </span>
        </a>
        <a
          class="flex flex-col mx-auto bg-white hover:bg-zinc-50 dark:bg-slate-700 dark:hover:bg-slate-600 w-full p-4 hover:shadow-md text-slate-500 hover:text-slate-700 dark:hover:text-slate-200"
          href="/domains"
        >
          <svg
            aria-hidden="true"
            class="h-16 w-16 mx-auto"
            fill="none"
            stroke="currentColor"
            stroke-width="1.5"
            viewBox="0 0 24 24"
            xmlns="http://www.w3.org/2000/svg"
          >
            <path
              d="M12.75 3.03v.568c0 .334.148.65.405.864l1.068.89c.442.369.535 1.01.216 1.49l-.51.766a2.25 2.25 0 01-1.161.886l-.143.048a1.107 1.107 0 00-.57 1.664c.369.555.169 1.307-.427 1.605L9 13.125l.423 1.059a.956.956 0 01-1.652.928l-.679-.906a1.125 1.125 0 00-1.906.172L4.5 15.75l-.612.153M12.75 3.031a9 9 0 00-8.862 12.872M12.75 3.031a9 9 0 016.69 14.036m0 0l-.177-.529A2.25 2.25 0 0017.128 15H16.5l-.324-.324a1.453 1.453 0 00-2.328.377l-.036.073a1.586 1.586 0 01-.982.816l-.99.282c-.55.157-.894.702-.8 1.267l.073.438c.08.474.49.821.97.821.846 0 1.598.542 1.865 1.345l.215.643m5.276-3.67a9.012 9.012 0 01-5.276 3.67m0 0a9 9 0 01-10.275-4.835M15.75 9c0 .896-.393 1.7-1.016 2.25"
              stroke-linecap="round"
              stroke-linejoin="round"
            />
          </svg>
          <span
            class="text-center"
          >
            ドメイン
          </span>
        </a>
      </div>
    </div>
  </div>,
  "debug": [Function],
  "findAllByAltText": [Function],
  "findAllByDisplayValue": [Function],
  "findAllByLabelText": [Function],
  "findAllByPlaceholderText": [Function],
  "findAllByRole": [Function],
  "findAllByTestId": [Function],
  "findAllByText": [Function],
  "findAllByTitle": [Function],
  "findByAltText": [Function],
  "findByDisplayValue": [Function],
  "findByLabelText": [Function],
  "findByPlaceholderText": [Function],
  "findByRole": [Function],
  "findByTestId": [Function],
  "findByText": [Function],
  "findByTitle": [Function],
  "getAllByAltText": [Function],
  "getAllByDisplayValue": [Function],
  "getAllByLabelText": [Function],
  "getAllByPlaceholderText": [Function],
  "getAllByRole": [Function],
  "getAllByTestId": [Function],
  "getAllByText": [Function],
  "getAllByTitle": [Function],
  "getByAltText": [Function],
  "getByDisplayValue": [Function],
  "getByLabelText": [Function],
  "getByPlaceholderText": [Function],
  "getByRole": [Function],
  "getByTestId": [Function],
  "getByText": [Function],
  "getByTitle": [Function],
  "queryAllByAltText": [Function],
  "queryAllByDisplayValue": [Function],
  "queryAllByLabelText": [Function],
  "queryAllByPlaceholderText": [Function],
  "queryAllByRole": [Function],
  "queryAllByTestId": [Function],
  "queryAllByText": [Function],
  "queryAllByTitle": [Function],
  "queryByAltText": [Function],
  "queryByDisplayValue": [Function],
  "queryByLabelText": [Function],
  "queryByPlaceholderText": [Function],
  "queryByRole": [Function],
  "queryByTestId": [Function],
  "queryByText": [Function],
  "queryByTitle": [Function],
  "rerender": [Function],
  "unmount": [Function],
}
`;
